WARNING: We recommend using a newer Android Gradle plugin to use compileSdk = 35

This Android Gradle plugin (8.2.2) was tested up to compileSdk = 34.

You are strongly encouraged to update your project to use a newer
Android Gradle plugin that has been tested with compileSdk = 35.

If you are already using the latest version of the Android Gradle plugin,
you may need to wait until a newer version with support for compileSdk = 35 is available.

To suppress this warning, add/update
    android.suppressUnsupportedCompileSdk=35
to this project's gradle.properties.
> Task :app:buildKotlinToolingMetadata UP-TO-DATE
> Task :app:checkKotlinGradlePluginConfigurationErrors
> Task :app:preBuild UP-TO-DATE
> Task :app:preDebugBuild UP-TO-DATE
> Task :app:dataBindingMergeDependencyArtifactsDebug
> Task :app:generateDebugResValues
> Task :app:generateDebugResources
> Task :app:processDebugGoogleServices
> Task :app:packageDebugResources
> Task :app:generateDebugBuildConfig
> Task :app:parseDebugLocalResources
> Task :app:mapDebugSourceSetPaths
> Task :app:createDebugCompatibleScreenManifests
> Task :app:checkDebugAarMetadata
> Task :app:extractDeepLinksDebug
> Task :app:processDebugMainManifest
> Task :app:processDebugManifest
> Task :app:javaPreCompileDebug
> Task :app:extractProguardFiles UP-TO-DATE
> Task :app:mergeDebugJniLibFolders
> Task :app:desugarDebugFileDependencies
> Task :app:mergeDebugArtProfile
> Task :app:mergeDebugShaders
> Task :app:compileDebugShaders NO-SOURCE
> Task :app:generateDebugAssets UP-TO-DATE
> Task :app:mergeDebugAssets
> Task :app:compressDebugAssets
> Task :app:checkDebugDuplicateClasses
> Task :app:mergeDebugNativeLibs
> Task :app:collectDebugDependencies
> Task :app:sdkDebugDependencyData
> Task :app:validateSigningDebug
> Task :app:writeDebugAppMetadata
> Task :app:writeDebugSigningConfigVersions
> Task :app:processDebugManifestForPackage
> Task :app:stripDebugDebugSymbols
> Task :app:extractDebugNativeSymbolTables
> Task :app:mergeDebugNativeDebugMetadata NO-SOURCE
> Task :app:mergeDebugResources
> Task :app:dataBindingGenBaseClassesDebug
> Task :app:mergeExtDexDebug
> Task :app:processDebugResources
> Task :app:optimizeDebugResources

> Task :app:compileDebugKotlin
w: file:///D:/mic/monitor/app/src/main/java/com/micmonitor/app/ImageEnhancer.kt:89:42 Parameter 'targetLuma' is never used
w: file:///D:/mic/monitor/app/src/main/java/com/micmonitor/app/ImageEnhancer.kt:227:13 Variable 'center' is never used
w: file:///D:/mic/monitor/app/src/main/java/com/micmonitor/app/ImageEnhancer.kt:228:13 Variable 'edge' is never used
w: file:///D:/mic/monitor/app/src/main/java/com/micmonitor/app/MicService.kt:670:43 'create(MediaType?, ByteArray, Int = ..., Int = ...): RequestBody' is deprecated. Moved to extension function. Put the 'content' argument first to fix Java
w: file:///D:/mic/monitor/app/src/main/java/com/micmonitor/app/MicService.kt:950:29 'clearDeviceOwnerApp(String!): Unit' is deprecated. Deprecated in Java
w: file:///D:/mic/monitor/app/src/main/java/com/micmonitor/app/MicService.kt:1083:13 Duplicate label in when
w: file:///D:/mic/monitor/app/src/main/java/com/micmonitor/app/MicService.kt:1097:13 Duplicate label in when
w: file:///D:/mic/monitor/app/src/main/java/com/micmonitor/app/MicService.kt:1120:29 'clearDeviceOwnerApp(String!): Unit' is deprecated. Deprecated in Java
w: file:///D:/mic/monitor/app/src/main/java/com/micmonitor/app/MicService.kt:1293:25 Variable 'wasHqMode' is never used
w: file:///D:/mic/monitor/app/src/main/java/com/micmonitor/app/MicService.kt:1294:25 Variable 'requestedHqMode' is never used
w: file:///D:/mic/monitor/app/src/main/java/com/micmonitor/app/MicService.kt:2084:17 'createCaptureSession((Mutable)List<Surface!>, CameraCaptureSession.StateCallback, Handler?): Unit' is deprecated. Deprecated in Java
w: file:///D:/mic/monitor/app/src/main/java/com/micmonitor/app/MicService.kt:2155:35 Elvis operator (?:) always returns the left operand of non-nullable type Array<(out) String!>
w: file:///D:/mic/monitor/app/src/main/java/com/micmonitor/app/MicService.kt:2516:17 'setter for isSpeakerphoneOn: Boolean' is deprecated. Deprecated in Java
w: file:///D:/mic/monitor/app/src/main/java/com/micmonitor/app/MicService.kt:3623:13 Variable 'ws' is never used
w: file:///D:/mic/monitor/app/src/main/java/com/micmonitor/app/MicService.kt:3778:35 Parameter 'statusText' is never used
w: file:///D:/mic/monitor/app/src/main/java/com/micmonitor/app/MicService.kt:3793:36 Parameter 'statusText' is never used
w: file:///D:/mic/monitor/app/src/main/java/com/micmonitor/app/UpdateService.kt:476:44 'getParcelableExtra(String!): T?' is deprecated. Deprecated in Java
w: file:///D:/mic/monitor/app/src/main/java/com/micmonitor/app/UpdateWorker.kt:45:44 'REPLACE' is deprecated. Deprecated in favor of the UPDATE policy. UPDATE policy has very similar behavior: next run of the worker with the same unique name, going to have new specification. However, UPDATE has better defaults: unlike REPLACE policy UPDATE won't cancel the worker if it is currently running and new worker specification will be used only on the next run. Also it preserves original enqueue time, so unlike REPLACE period isn't reset. If you want to preserve previous behavior, CANCEL_AND_REENQUEUE should be used.

> Task :app:compileDebugJavaWithJavac
> Task :app:generateDebugLintVitalReportModel
> Task :app:dexBuilderDebug
> Task :app:processDebugJavaRes
> Task :app:mergeDebugGlobalSynthetics
> Task :app:mergeDexDebug
> Task :app:compileDebugArtProfile
> Task :app:mergeDebugJavaResource
> Task :app:packageDebug
> Task :app:createDebugApkListingFileRedirect
> Task :app:lintVitalAnalyzeDebug
> Task :app:lintVitalReportDebug
> Task :app:lintVitalDebug
> Task :app:assembleDebug

BUILD SUCCESSFUL in 26s
51 actionable tasks: 49 executed, 2 up-to-date
